success
"stdout"
success
"tempout"
success
success
"stdout"
success
